[superfluous-kimchi-689705.framer.app/index.html]
[backblue.gif]
[fade.gif]
[index.html]
[framerusercontent.com/sites/icons/default-favicon-light.v1.png]
[framerusercontent.com/sites/icons/default-favicon-dark.v1.png]
[framerusercontent.com/sites/icons/default-touch-icon.v3.png]
[superfluous-kimchi-689705.framer.app/about.html]
[superfluous-kimchi-689705.framer.app/therockstarexperience.html]
[framerusercontent.com/images/M5W8hVZFzRRFWsQz7lZHyfvkgP8bf23.jpg]
[framerusercontent.com/images/nq24rbWlIZGK8rHe5ladyS71q6E.jpg]
[superfluous-kimchi-689705.framer.app/flaws.html]
[framerusercontent.com/images/w1VQqRITG7N00tdlEWdKda8AMsbf23.jpg]
[framerusercontent.com/images/3m5t13je9caxWxdVDgcEZDBhovs.gif]
[superfluous-kimchi-689705.framer.app/synesthesia.html]
[framerusercontent.com/images/KUYxHtsKyqLWw4Q91BcRc3AHCIAbf23.jpg]
[framerusercontent.com/images/m6MeErdoLstalfve0zu5ERBxQU17f5.gif]
[superfluous-kimchi-689705.framer.app/dassaiwlp.html]
[framerusercontent.com/images/nJEk4ywD8utPjrT47j9fao1G1robf23.jpg]
[framerusercontent.com/images/ZHpxYRPG68PH3q7SBxIUjSmqJM.jpg]
[superfluous-kimchi-689705.framer.app/blind.html]
[framerusercontent.com/images/LO0TJzq1KXekCCpFTrJ7a36Jfsgbf23.jpg]
[framerusercontent.com/images/1ciyEjxODwiaLCNzr6T16LIpBY17f5.gif]
[superfluous-kimchi-689705.framer.app/avantminuit.html]
[framerusercontent.com/images/eBiJDhql5XCquHyCxlRy0O8sMsbf23.jpg]
[framerusercontent.com/images/4vFcMdhiiFWJ1NgzH37UOoOdAgg.jpg]
[superfluous-kimchi-689705.framer.app/index.html]
[framerusercontent.com/images/YLbhjTyjiqO0x8tBaGhGDEMPZU9ae5.png]
[framerusercontent.com/images/HqVDa89ULJx85YTlBOcAMuQ8SI9ae5.png]
[framerusercontent.com/images/iL88Pvd4qNMVsRq8Orlvs7d7c9ae5.png]
[framerusercontent.com/images/Q6d1oga3XPjOZXwzEXzH9hC1yI9ae5.png]
[superfluous-kimchi-689705.framer.app/about.html]
[framerusercontent.com/images/H03k2D00JMK6uOvjnEYVUEB4Y9ae5.png]
[framerusercontent.com/images/cw4oq3AdEBaTr6I4kHI0b1s6hyobf23.png]
[framerusercontent.com/images/mVRZVVbnv579cXWxxlmQfzQDEqYbf23.jpg]
[framerusercontent.com/images/ZXhFi1QvVZeP3Z3EcYZj6NC28BE17f5.png]
[framerusercontent.com/images/c0u2wBKIgIDOpUHD1gZRYBwYw17f5.png]
[framerusercontent.com/images/GjDuSvxl2rUTO6quZF3hK7U6eA17f5.png]
[framerusercontent.com/images/kmaHt2E6YnvMAUHbn8OakMHTlzw17f5.png]
[framerusercontent.com/images/jzkpk1FyGHV2FxmwI0mEoG079B017f5.png]
[framerusercontent.com/images/5E6srZ4oN1UQqIcQiGB0eBbKmj417f5.png]
[framerusercontent.com/images/FMVgJxKnA0ZTCUJPepBh01IcbQ17f5.png]
[framerusercontent.com/images/1XrxJW54eNvtPvNXPwmOoSdxQsE17f5.png]
[framerusercontent.com/images/wqbsXXMnRdmGS1jWXVAaARSH417f5.png]
[framerusercontent.com/images/odx6cWu9xZHCefb2dQE6zEJfUa49ae5.jpg]
[framerusercontent.com/images/UEljn9VLgXvwVC7Nju2HvOrEeW8bf23.gif]
[framerusercontent.com/images/juc9IkqenDBeZCF5jmmjCNs3rtYbf23.jpg]
[framerusercontent.com/images/5CEc7G1qv7HMLSYx6YQfKA8FnEbf23.jpg]
[superfluous-kimchi-689705.framer.app/therockstarexperience.html]
[framerusercontent.com/images/z9dYOS6lBJsDRdUuwYXnv98KA.png]
[superfluous-kimchi-689705.framer.app/flaws.html]
[framerusercontent.com/images/z2ZS0Ay7leyA7q6IuzRheiX6LM.jpg]
[framerusercontent.com/images/CxNcR21mCZr79zMroYZUzcIFp4o.jpg]
[framerusercontent.com/images/oUlY1rHSIy8xSZdZrM8f4CXs.jpg]
[framerusercontent.com/images/BvPslLH5UeioPStULxhjGyjgqk9ae5.jpg]
[framerusercontent.com/images/Kt4yv8XIYiSnS4rvlsf3IMmmsmQ9ae5.jpg]
[framerusercontent.com/images/5IKbsg2xRFzrlwdGX5I0FJC9O09ae5.jpg]
[framerusercontent.com/images/9VSPPVvNziVwoWPbTfikBG3ROobf23.png]
[framerusercontent.com/images/MFrqKJ28isO1nGoEuNf82UVfYbf23.png]
[framerusercontent.com/images/3qMyIKRepmcSHL7vgK3pna1ybzQ17f5.png]
[framerusercontent.com/images/ONmb9hhJhKUvxcVm51hYS4zpw.jpg]
[framerusercontent.com/images/JbdPlUHf5rBTejJdVzwqct2Hak.jpg]
[framerusercontent.com/images/CXbymvoBPqO8PuqIJvjWZy1ufY.jpg]
[superfluous-kimchi-689705.framer.app/synesthesia.html]
[framerusercontent.com/images/3VrcNyk5eXPTcLr0qWZh9o0bPwbf23.png]
[framerusercontent.com/images/RKoNfb6kndlLt1UpqOfEB0boA9ae5.jpg]
[framerusercontent.com/images/Vh44pb0FavLmrh7J28KCLwOGcGY9ae5.jpg]
[framerusercontent.com/images/9KiJk0Bcbt5EEkVXtQE2W6mvE9ae5.jpg]
[framerusercontent.com/images/q98nMTHilT9xT8qhoHGlk0pKQs9ae5.jpg]
[superfluous-kimchi-689705.framer.app/dassaiwlp.html]
[framerusercontent.com/images/wQvTOCKUkUg5JxiFrFq4Je5Y2EM17f5.png]
[superfluous-kimchi-689705.framer.app/blind.html]
[framerusercontent.com/images/L3eeFLVUL81D5pERbcO62XkFqg.png]
[framerusercontent.com/images/4vFcMdhiiFWJ1NgzH37UOoOdAgga3fc.jpg]
[framerusercontent.com/images/0uImb9OtSrpi9vbjegxEWpzoSYa3fc.jpg]
[framerusercontent.com/images/14SylueKaeCoicd77eg25Cx71d4a3fc.jpg]
[framerusercontent.com/images/e0ygSBjPDuoxeHkcTKj4BGJF1rY17f5.png]
[framerusercontent.com/images/naoeCCjSc7QPS5qpWGMWUIEic17f5.png]
[framerusercontent.com/images/2d7nhRh2c1ej8FNOuKwOl4jmg.png]
[framerusercontent.com/images/cSzu4zYP6ooFw4BKoFkOm1bLY4M9ae5.png]
[framerusercontent.com/images/yfuyB2gKiLq6POBVflHB98WwIQbf23.png]
[superfluous-kimchi-689705.framer.app/avantminuit.html]
